// Jest Snapshot v1, https://goo.gl/fbAQLP

exports[`Head component renders expected snapshot 1`] = `
<div
  className="header"
>
  <div
    className="header__logo"
  >
    msi 2020
  </div>
  <div
    className="header__welcomesTxt"
  >
    <h2
      className="header__welcomesTxt-1stfloor"
    >
      Hey!
    </h2>
    <h3
      className="header__welcomesTxt-2stfloor"
    >
      Let's try to find a joke for you:
    </h3>
  </div>
</div>
`;
