// Jest Snapshot v1, https://goo.gl/fbAQLP

exports[`favorite card component renders expected snapshot 1`] = `
<div>
  <div
    className="favoriteCard"
  >
    <div
      className="favoriteCard__status"
    >
      <i
        className="far fa-heart heart"
      />
    </div>
    <div
      className="favoriteCard__staticImage"
    >
      <i
        className="far fa-comment-dots static"
      />
    </div>
    <div
      className="favoriteCard__mainContent"
    >
      <h6
        className="favoriteCard__ID"
      >
        ID: 
        <a
          href="/"
        >
          helloWorld
        </a>
      </h6>
      <div
        className="textcontent"
      >
        <p>
          Chuckies joke
        </p>
      </div>
    </div>
    <div
      className="favoriteCard__updateInfo"
    >
      <p
        className="updateInfo"
      >
        Last Update: 200 hours ago
      </p>
    </div>
  </div>
</div>
`;
